[bonkx.io/index.html]
[backblue.gif]
[fade.gif]
[index.html]
[bonkx.io/assets/images/BonkXShare.png]
[bonkx.io/assets/css/app.css]
[bonkx.io/assets/fonts/Ortland-Regular.woff2]
[bonkx.io/assets/css/app5ed3.css]
[bonkx.io/build/assets/app-B0fGPI7P.js]
[www.google.com/recaptcha/api5981.js]
[bonkx.io/terms-and-conditions.html]
[bonkx.io/index.html]
[bonkx.io/assets/fonts/AllianceNo1-Regular.woff2]
[bonkx.io/assets/fonts/AllianceNo1-Regular.woff]
[bonkx.io/assets/fonts/AllianceNo1-Medium.woff2]
[bonkx.io/assets/fonts/AllianceNo1-Medium.woff]
[bonkx.io/assets/fonts/Ortland-Regular.woff]
[bonkx.io/assets/images/world.png]
[bonkx.io/assets/css/app.css]
[bonkx.io/assets/css/app5ed3.css]
[bonkx.io/assets/images/logo-bonkx.svg]
[bonkx.io/assets/images/tag-launch.svg]
[bonkx.io/assets/images/head-visual.svg]
[bonkx.io/assets/images/icon-app-store.svg]
[bonkx.io/assets/images/icon-google-play.svg]
[bonkx.io/assets/images/icon-solana-mobile.svg]
[bonkx.io/assets/images/paw.svg]
[bonkx.io/assets/images/vis-over-how.svg]
[bonkx.io/assets/images/lighter-mobile.svg]
[bonkx.io/assets/images/card.svg]
[bonkx.io/assets/images/wallet.svg]
[bonkx.io/assets/images/icon-x.svg]
[bonkx.io/assets/images/icon-telegram.svg]
[bonkx.io/assets/images/bonk-not-bank.svg]
[bonkx.io/assets/images/footer.svg]
[bonkx.io/terms-and-conditions.html]
[bonkx.io/assets/images/vis-how-mobile.svg]
[bonkx.io/assets/images/vis-how-desktop.svg]
